
Running 1 test using 1 worker

[1A[2K[1/1] [chromium] ΓÇ║ tests\PriceLog.spec.ts:4:7 ΓÇ║ Price Change Automation ΓÇ║ should successfully update PMS price to 1300 for West region Lagos
[1A[2K  1) [chromium] ΓÇ║ tests\PriceLog.spec.ts:4:7 ΓÇ║ Price Change Automation ΓÇ║ should successfully update PMS price to 1300 for West region Lagos 

    Error: page.goto: net::ERR_NAME_NOT_RESOLVED at https://stations.epump.africa/
    Call log:
    [2m  - navigating to "https://stations.epump.africa/", waiting until "load"[22m


      4 |   test('should successfully update PMS price to 1300 for West region Lagos', async ({ page }) => {
      5 |     // 1. Open the website
    > 6 |     await page.goto('https://stations.epump.africa/');
        |                ^
      7 |
      8 |     // Ensure the app loads dynamically
      9 |     await page.waitForLoadState('networkidle');
        at C:\Users\USER\Lanre\tests\PriceLog.spec.ts:6:16


[1A[2K  1 failed
    [chromium] ΓÇ║ tests\PriceLog.spec.ts:4:7 ΓÇ║ Price Change Automation ΓÇ║ should successfully update PMS price to 1300 for West region Lagos 

[36m  Serving HTML report at http://localhost:59254. Press Ctrl+C to quit.[39m
